=== post-freeze waiter start 2026-09-25T14:34:21+08:00 ===
=== freeze manifest detected 2026-09-25T14:56:21+08:00 ===
=== eval confirm exit 1 2026-09-25T14:56:26+08:00 ===
=== eval position exit 1 2026-09-25T14:56:31+08:00 ===
=== eval coupling exit 1 2026-09-25T14:56:37+08:00 ===
=== eval test exit 1 2026-09-25T14:56:49+08:00 ===
=== predict_attachment3 exit 0 2026-09-25T14:56:54+08:00 ===
=== package exit 1 2026-09-25T14:56:59+08:00 ===
=== finalize exit 0 2026-09-25T14:57:04+08:00 ===
=== post-freeze chain done 2026-09-25T14:57:04+08:00 ===
=== post-freeze waiter start 2026-09-25T14:58:43+08:00 ===
=== freeze manifest detected 2026-09-25T14:58:43+08:00 ===
=== eval confirm exit 1 2026-09-25T14:58:58+08:00 ===
=== eval position exit 1 2026-09-25T14:59:06+08:00 ===
=== eval coupling exit 1 2026-09-25T14:59:16+08:00 ===
=== eval test exit 1 2026-09-25T14:59:29+08:00 ===
=== predict_attachment3 exit 0 2026-09-25T14:59:34+08:00 ===
=== post-freeze waiter start 2026-09-25T15:00:49+08:00 ===
=== freeze manifest detected 2026-09-25T15:00:49+08:00 ===
=== eval confirm exit 1 2026-09-25T15:01:04+08:00 ===
=== eval position exit 1 2026-09-25T15:01:12+08:00 ===
=== eval coupling exit 1 2026-09-25T15:01:22+08:00 ===
=== eval test exit 1 2026-09-25T15:01:36+08:00 ===
=== predict_attachment3 exit 0 2026-09-25T15:01:41+08:00 ===
=== post-freeze waiter start 2026-09-25T15:02:38+08:00 ===
=== freeze manifest detected 2026-09-25T15:02:38+08:00 ===
=== eval confirm exit 0 2026-09-25T15:02:52+08:00 ===
=== eval position exit 0 2026-09-25T15:03:01+08:00 ===
=== eval coupling exit 0 2026-09-25T15:03:14+08:00 ===
=== eval test exit 1 2026-09-25T15:03:28+08:00 ===
=== predict_attachment3 exit 0 2026-09-25T15:03:33+08:00 ===
=== package exit 0 2026-09-25T15:03:45+08:00 ===
=== finalize exit 0 2026-09-25T15:03:50+08:00 ===
=== post-freeze chain done 2026-09-25T15:03:50+08:00 ===
